// Jest Snapshot v1, https://goo.gl/fbAQLP

exports[`codeGenerator should work 1`] = `
{
  "code": "S",
  "logCalls": [
    [
      "debug",
      "↪️ - Code generation service Initialized!",
    ],
    [
      "debug",
      "↪️ - Generated a new code:",
      "S",
    ],
  ],
  "randomCalls": [
    [],
    [],
    [],
    [],
    [],
    [],
  ],
}
`;
